[2026-09-14T14:43:50.154+0000] {manager.py:483} INFO - Processing files using up to 1 processes at a time 
[2026-09-14T14:43:50.155+0000] {manager.py:484} INFO - Process each file at most once every 60 seconds
[2026-09-14T14:43:50.157+0000] {manager.py:485} INFO - Checking for new files in /opt/airflow/dags every 120 seconds
[2026-09-14T14:43:50.160+0000] {manager.py:821} INFO - Searching for files in /opt/airflow/dags
[2026-09-14T14:43:50.164+0000] {manager.py:824} INFO - There are 0 files in /opt/airflow/dags
[2026-09-14T14:45:50.831+0000] {manager.py:821} INFO - Searching for files in /opt/airflow/dags
[2026-09-14T14:45:50.841+0000] {manager.py:824} INFO - There are 0 files in /opt/airflow/dags
[2026-09-14T14:47:51.222+0000] {manager.py:821} INFO - Searching for files in /opt/airflow/dags
[2026-09-14T14:47:51.231+0000] {manager.py:824} INFO - There are 0 files in /opt/airflow/dags
[2026-09-14T14:49:51.316+0000] {manager.py:821} INFO - Searching for files in /opt/airflow/dags
[2026-09-14T14:49:51.321+0000] {manager.py:824} INFO - There are 0 files in /opt/airflow/dags
[2026-09-14T14:51:51.812+0000] {manager.py:821} INFO - Searching for files in /opt/airflow/dags
[2026-09-14T14:51:51.834+0000] {manager.py:824} INFO - There are 0 files in /opt/airflow/dags
[2026-09-14T14:53:52.534+0000] {manager.py:821} INFO - Searching for files in /opt/airflow/dags
[2026-09-14T14:53:52.540+0000] {manager.py:824} INFO - There are 0 files in /opt/airflow/dags
[2026-09-14T14:55:53.539+0000] {manager.py:821} INFO - Searching for files in /opt/airflow/dags
[2026-09-14T14:55:53.546+0000] {manager.py:824} INFO - There are 0 files in /opt/airflow/dags
[2026-09-14T14:57:54.354+0000] {manager.py:821} INFO - Searching for files in /opt/airflow/dags
[2026-09-14T14:57:54.360+0000] {manager.py:824} INFO - There are 0 files in /opt/airflow/dags
[2026-09-14T14:59:54.364+0000] {manager.py:821} INFO - Searching for files in /opt/airflow/dags
[2026-09-14T14:59:54.372+0000] {manager.py:824} INFO - There are 0 files in /opt/airflow/dags
[2026-09-14T15:01:55.194+0000] {manager.py:821} INFO - Searching for files in /opt/airflow/dags
[2026-09-14T15:01:55.201+0000] {manager.py:824} INFO - There are 0 files in /opt/airflow/dags
[2026-09-14T15:03:55.686+0000] {manager.py:821} INFO - Searching for files in /opt/airflow/dags
[2026-09-14T15:03:55.693+0000] {manager.py:824} INFO - There are 0 files in /opt/airflow/dags
[2026-09-14T15:05:56.160+0000] {manager.py:821} INFO - Searching for files in /opt/airflow/dags
[2026-09-14T15:05:56.175+0000] {manager.py:824} INFO - There are 0 files in /opt/airflow/dags
[2026-09-14T15:07:57.127+0000] {manager.py:821} INFO - Searching for files in /opt/airflow/dags
[2026-09-14T15:07:57.137+0000] {manager.py:824} INFO - There are 0 files in /opt/airflow/dags
[2026-09-14T15:09:58.080+0000] {manager.py:821} INFO - Searching for files in /opt/airflow/dags
[2026-09-14T15:09:58.087+0000] {manager.py:824} INFO - There are 0 files in /opt/airflow/dags
[2026-09-14T15:11:58.479+0000] {manager.py:821} INFO - Searching for files in /opt/airflow/dags
[2026-09-14T15:11:58.486+0000] {manager.py:824} INFO - There are 0 files in /opt/airflow/dags
[2026-09-14T15:13:58.581+0000] {manager.py:821} INFO - Searching for files in /opt/airflow/dags
[2026-09-14T15:13:58.588+0000] {manager.py:824} INFO - There are 0 files in /opt/airflow/dags
[2026-09-14T15:15:59.142+0000] {manager.py:821} INFO - Searching for files in /opt/airflow/dags
[2026-09-14T15:15:59.145+0000] {manager.py:824} INFO - There are 0 files in /opt/airflow/dags
[2026-09-14T15:17:59.570+0000] {manager.py:821} INFO - Searching for files in /opt/airflow/dags
[2026-09-14T15:17:59.577+0000] {manager.py:824} INFO - There are 0 files in /opt/airflow/dags
[2026-09-14T15:19:59.909+0000] {manager.py:821} INFO - Searching for files in /opt/airflow/dags
[2026-09-14T15:19:59.915+0000] {manager.py:824} INFO - There are 0 files in /opt/airflow/dags
[2026-09-14T15:22:00.365+0000] {manager.py:821} INFO - Searching for files in /opt/airflow/dags
[2026-09-14T15:22:00.371+0000] {manager.py:824} INFO - There are 0 files in /opt/airflow/dags
[2026-09-14T15:24:00.945+0000] {manager.py:821} INFO - Searching for files in /opt/airflow/dags
[2026-09-14T15:24:00.952+0000] {manager.py:824} INFO - There are 0 files in /opt/airflow/dags
[2026-09-14T15:26:01.511+0000] {manager.py:821} INFO - Searching for files in /opt/airflow/dags
[2026-09-14T15:26:01.516+0000] {manager.py:824} INFO - There are 0 files in /opt/airflow/dags
[2026-09-14T15:28:02.347+0000] {manager.py:821} INFO - Searching for files in /opt/airflow/dags
[2026-09-14T15:28:02.364+0000] {manager.py:824} INFO - There are 0 files in /opt/airflow/dags
[2026-09-14T15:44:12.309+0000] {manager.py:821} INFO - Searching for files in /opt/airflow/dags
[2026-09-14T15:44:12.320+0000] {manager.py:824} INFO - There are 0 files in /opt/airflow/dags
[2026-09-14T15:46:13.002+0000] {manager.py:821} INFO - Searching for files in /opt/airflow/dags
[2026-09-14T15:46:13.009+0000] {manager.py:824} INFO - There are 0 files in /opt/airflow/dags
[2026-09-14T15:48:13.634+0000] {manager.py:821} INFO - Searching for files in /opt/airflow/dags
[2026-09-14T15:48:13.640+0000] {manager.py:824} INFO - There are 0 files in /opt/airflow/dags
[2026-09-14T16:05:56.049+0000] {manager.py:821} INFO - Searching for files in /opt/airflow/dags
[2026-09-14T16:05:56.051+0000] {manager.py:824} INFO - There are 0 files in /opt/airflow/dags
[2026-09-14T16:07:56.765+0000] {manager.py:821} INFO - Searching for files in /opt/airflow/dags
[2026-09-14T16:07:56.770+0000] {manager.py:824} INFO - There are 0 files in /opt/airflow/dags
[2026-09-14T16:09:57.419+0000] {manager.py:821} INFO - Searching for files in /opt/airflow/dags
[2026-09-14T16:09:57.425+0000] {manager.py:824} INFO - There are 0 files in /opt/airflow/dags
[2026-09-14T16:11:57.991+0000] {manager.py:821} INFO - Searching for files in /opt/airflow/dags
[2026-09-14T16:11:57.996+0000] {manager.py:824} INFO - There are 0 files in /opt/airflow/dags
[2026-09-14T16:13:58.511+0000] {manager.py:821} INFO - Searching for files in /opt/airflow/dags
[2026-09-14T16:13:58.516+0000] {manager.py:824} INFO - There are 0 files in /opt/airflow/dags
[2026-09-14T16:15:59.242+0000] {manager.py:821} INFO - Searching for files in /opt/airflow/dags
[2026-09-14T16:15:59.256+0000] {manager.py:824} INFO - There are 0 files in /opt/airflow/dags
[2026-09-14T16:17:59.692+0000] {manager.py:821} INFO - Searching for files in /opt/airflow/dags
[2026-09-14T16:17:59.696+0000] {manager.py:824} INFO - There are 0 files in /opt/airflow/dags
[2026-09-14T16:20:00.167+0000] {manager.py:821} INFO - Searching for files in /opt/airflow/dags
[2026-09-14T16:20:00.174+0000] {manager.py:824} INFO - There are 0 files in /opt/airflow/dags
[2026-09-14T16:22:00.724+0000] {manager.py:821} INFO - Searching for files in /opt/airflow/dags
[2026-09-14T16:22:00.734+0000] {manager.py:824} INFO - There are 0 files in /opt/airflow/dags
[2026-09-14T16:24:00.972+0000] {manager.py:821} INFO - Searching for files in /opt/airflow/dags
[2026-09-14T16:24:00.976+0000] {manager.py:824} INFO - There are 0 files in /opt/airflow/dags
[2026-09-14T16:26:01.588+0000] {manager.py:821} INFO - Searching for files in /opt/airflow/dags
[2026-09-14T16:26:01.591+0000] {manager.py:824} INFO - There are 0 files in /opt/airflow/dags
[2026-09-14T16:28:02.240+0000] {manager.py:821} INFO - Searching for files in /opt/airflow/dags
[2026-09-14T16:28:02.245+0000] {manager.py:824} INFO - There are 0 files in /opt/airflow/dags
[2026-09-14T16:30:02.778+0000] {manager.py:821} INFO - Searching for files in /opt/airflow/dags
[2026-09-14T16:30:02.784+0000] {manager.py:824} INFO - There are 0 files in /opt/airflow/dags
[2026-09-14T16:32:03.354+0000] {manager.py:821} INFO - Searching for files in /opt/airflow/dags
[2026-09-14T16:32:03.359+0000] {manager.py:824} INFO - There are 0 files in /opt/airflow/dags
[2026-09-14T16:34:03.805+0000] {manager.py:821} INFO - Searching for files in /opt/airflow/dags
[2026-09-14T16:34:03.811+0000] {manager.py:824} INFO - There are 0 files in /opt/airflow/dags
[2026-09-14T16:36:03.897+0000] {manager.py:821} INFO - Searching for files in /opt/airflow/dags
[2026-09-14T16:36:03.902+0000] {manager.py:824} INFO - There are 0 files in /opt/airflow/dags
[2026-09-14T16:38:03.929+0000] {manager.py:821} INFO - Searching for files in /opt/airflow/dags
[2026-09-14T16:38:03.935+0000] {manager.py:824} INFO - There are 0 files in /opt/airflow/dags
[2026-09-14T16:40:04.721+0000] {manager.py:821} INFO - Searching for files in /opt/airflow/dags
[2026-09-14T16:40:04.726+0000] {manager.py:824} INFO - There are 0 files in /opt/airflow/dags
[2026-09-14T16:42:05.655+0000] {manager.py:821} INFO - Searching for files in /opt/airflow/dags
[2026-09-14T16:42:05.662+0000] {manager.py:824} INFO - There are 0 files in /opt/airflow/dags
[2026-09-14T16:44:06.620+0000] {manager.py:821} INFO - Searching for files in /opt/airflow/dags
[2026-09-14T16:44:06.626+0000] {manager.py:824} INFO - There are 0 files in /opt/airflow/dags
[2026-09-14T16:46:07.458+0000] {manager.py:821} INFO - Searching for files in /opt/airflow/dags
[2026-09-14T16:46:07.465+0000] {manager.py:824} INFO - There are 0 files in /opt/airflow/dags
[2026-09-14T16:48:07.858+0000] {manager.py:821} INFO - Searching for files in /opt/airflow/dags
[2026-09-14T16:48:07.863+0000] {manager.py:824} INFO - There are 0 files in /opt/airflow/dags
[2026-09-14T16:50:08.255+0000] {manager.py:821} INFO - Searching for files in /opt/airflow/dags
[2026-09-14T16:50:08.260+0000] {manager.py:824} INFO - There are 0 files in /opt/airflow/dags
[2026-09-14T16:52:08.818+0000] {manager.py:821} INFO - Searching for files in /opt/airflow/dags
[2026-09-14T16:52:08.824+0000] {manager.py:824} INFO - There are 0 files in /opt/airflow/dags
[2026-09-14T16:54:09.227+0000] {manager.py:821} INFO - Searching for files in /opt/airflow/dags
[2026-09-14T16:54:09.238+0000] {manager.py:824} INFO - There are 0 files in /opt/airflow/dags
[2026-09-14T16:56:09.813+0000] {manager.py:821} INFO - Searching for files in /opt/airflow/dags
[2026-09-14T16:56:09.819+0000] {manager.py:824} INFO - There are 0 files in /opt/airflow/dags
[2026-09-14T16:58:10.516+0000] {manager.py:821} INFO - Searching for files in /opt/airflow/dags
[2026-09-14T16:58:10.522+0000] {manager.py:824} INFO - There are 0 files in /opt/airflow/dags
[2026-09-14T17:00:11.133+0000] {manager.py:821} INFO - Searching for files in /opt/airflow/dags
[2026-09-14T17:00:11.138+0000] {manager.py:824} INFO - There are 0 files in /opt/airflow/dags
[2026-09-14T17:02:11.572+0000] {manager.py:821} INFO - Searching for files in /opt/airflow/dags
[2026-09-14T17:02:11.579+0000] {manager.py:824} INFO - There are 0 files in /opt/airflow/dags
[2026-09-14T17:04:11.799+0000] {manager.py:821} INFO - Searching for files in /opt/airflow/dags
[2026-09-14T17:04:11.805+0000] {manager.py:824} INFO - There are 0 files in /opt/airflow/dags
[2026-09-14T17:06:12.442+0000] {manager.py:821} INFO - Searching for files in /opt/airflow/dags
[2026-09-14T17:06:12.455+0000] {manager.py:824} INFO - There are 0 files in /opt/airflow/dags
[2026-09-14T17:08:13.027+0000] {manager.py:821} INFO - Searching for files in /opt/airflow/dags
[2026-09-14T17:08:13.033+0000] {manager.py:824} INFO - There are 0 files in /opt/airflow/dags
[2026-09-14T17:10:13.632+0000] {manager.py:821} INFO - Searching for files in /opt/airflow/dags
[2026-09-14T17:10:13.638+0000] {manager.py:824} INFO - There are 0 files in /opt/airflow/dags
[2026-09-14T17:12:13.712+0000] {manager.py:821} INFO - Searching for files in /opt/airflow/dags
[2026-09-14T17:12:13.719+0000] {manager.py:824} INFO - There are 0 files in /opt/airflow/dags
[2026-09-14T17:28:21.068+0000] {manager.py:821} INFO - Searching for files in /opt/airflow/dags
[2026-09-14T17:28:21.070+0000] {manager.py:824} INFO - There are 0 files in /opt/airflow/dags
[2026-09-14T17:30:21.563+0000] {manager.py:821} INFO - Searching for files in /opt/airflow/dags
[2026-09-14T17:30:21.571+0000] {manager.py:824} INFO - There are 0 files in /opt/airflow/dags
[2026-09-14T17:32:22.013+0000] {manager.py:821} INFO - Searching for files in /opt/airflow/dags
[2026-09-14T17:32:22.016+0000] {manager.py:824} INFO - There are 0 files in /opt/airflow/dags
[2026-09-14T17:49:18.924+0000] {manager.py:821} INFO - Searching for files in /opt/airflow/dags
[2026-09-14T17:49:18.928+0000] {manager.py:824} INFO - There are 0 files in /opt/airflow/dags
[2026-09-14T18:06:19.695+0000] {manager.py:821} INFO - Searching for files in /opt/airflow/dags
[2026-09-14T18:06:19.697+0000] {manager.py:824} INFO - There are 0 files in /opt/airflow/dags
[2026-09-14T18:09:11.793+0000] {manager.py:821} INFO - Searching for files in /opt/airflow/dags
[2026-09-14T18:09:11.804+0000] {manager.py:824} INFO - There are 0 files in /opt/airflow/dags
